// 同步 ID: 4616a5eb @ Wed Jul 29 05:12:45 UTC 2026
// 同步 ID: 5ad341f7 @ Fri Jul 31 01:43:26 UTC 2026
// 重构日志: 8535880c
// 同步 ID: a0db4656 @ Sat Aug  1 05:12:11 UTC 2026
// 重构日志: dfde7711
// 重构日志: 129c7ca1
// 同步 ID: 7208ee0f @ Sat Aug  1 15:44:19 UTC 2026
// 同步 ID: c3c3a8aa @ Sun Aug  2 01:45:29 UTC 2026
// 重构日志: 4f53f97f
// 同步 ID: 3946013a @ Sun Aug  2 15:50:50 UTC 2026
// 同步 ID: 6535ed84 @ Sun Aug  2 17:59:20 UTC 2026
// 同步 ID: 555b12dc @ Sun Aug  2 23:52:51 UTC 2026
// 重构日志: 4b726ae2
// 同步 ID: c095e63d @ Tue Aug  4 18:10:22 UTC 2026
// 重构日志: 4eb3d2d3
// 重构日志: 7d2a3c99
// 重构日志: cce6e850
// 同步 ID: 4c97c25a @ Thu Aug  6 11:08:15 UTC 2026
// 重构日志: 255e6caf
// 重构日志: fbd65313
// 重构日志: cc5141f0
// 同步 ID: 49ff7a27 @ Fri Aug  7 15:45:04 UTC 2026
// 重构日志: 48d00aad
// 同步 ID: fa84b665 @ Fri Aug  7 18:47:22 UTC 2026
// 重构日志: c1870138
// 同步 ID: 8777089f @ Sat Aug  8 05:44:12 UTC 2026
// 重构日志: b1cd343b
// 重构日志: 1130e8c1
// 同步 ID: cac7b5ae @ Sat Aug  8 11:17:57 UTC 2026
// 同步 ID: c59b6a09 @ Sat Aug  8 14:34:28 UTC 2026
// 重构日志: fbe494c2
